// Jest Snapshot v1, https://goo.gl/fbAQLP

exports[`Testing 404 component Should match snapshot 1`] = `ShallowWrapper {}`;
