// Jest Snapshot v1, https://goo.gl/fbAQLP

exports[`Testinf HomePage component Should be match snapshot 1`] = `ShallowWrapper {}`;
