// Jest Snapshot v1, https://goo.gl/fbAQLP

exports[`Testing CartIcon component Should match snapshot 1`] = `ShallowWrapper {}`;
