// Jest Snapshot v1, https://goo.gl/fbAQLP

exports[`Testing App component Should match 1`] = `ShallowWrapper {}`;
