// Jest Snapshot v1, https://goo.gl/fbAQLP

exports[`Testing CustomButton Should match snapshot 1`] = `ShallowWrapper {}`;
