// Jest Snapshot v1, https://goo.gl/fbAQLP

exports[`Testing CartItem Should match snapshot 1`] = `ShallowWrapper {}`;
